ERROR: 2024/08/12 17:19:51 listing11.go:46: Something has failed
